routing accuracy: 2966/3574 = 0.830   abstained=16
   ('Hip', 'No acute fracture or dislocation.', 'BONES', 'JOINTS', 2.32)
   ('Hip', 'Mild degenerative changes of the bilateral sacroiliac joints Mild dege', 'BONES', 'JOINTS', 4.64)
   ('Hip', 'degenerative changes , few calcified lymph nodes / phleboliths noted .', 'BONES', 'JOINTS', 2.14)
   ('Knee', 'Alignment is anatomic.', 'BONES', 'JOINTS', 2.6)
   ('Knee', 'No aggressive osseous lesion or radiopaque foreign body is identified.', 'BONES', 'SOFT TISSUES', 2.1)
   ('Thoracic spine', 'No scoliosis or spondylolisthesis.', 'ALIGNMENT', 'VERTEBRAE', 2.62)
   ('Thoracic spine', 'The AP diameter of the thoracic spinal canal is maintained throughout.', 'DISCS/DEGENERATIVE CHANGES', 'SPINAL CORD', 2.22)
   ('Thoracic spine', 'Neural Foramina mild multilevel facet arthropathy with minimal bilater', 'DISCS/DEGENERATIVE CHANGES', 'VERTEBRAE', 1.57)
   ('Ankle', 'note of a os trigonum.', 'BONES', None, 0.0)
   ('Lumbar spine', 'lumbar spondylosis , decreased l5s1 disc space , osteophytes multiple', 'VERTEBRAE', 'DISC SPACES', 2.76)
   ('Hand', 'Alignment is anatomic.', 'BONES', 'JOINTS', 2.6)
   ('Hand', 'No acute fracture or dislocation is identified.', 'BONES', 'JOINTS', 2.32)
   ('Head', 'The posterior pituitary bright spot is preserved.', 'SELLA TURCICA', 'BONES', 1.6)
   ('Wrist', 'Alignment of the distal radius is maintained with satisfactory reducti', 'BONES', 'JOINTS', 1.82)
   ('Wrist', 'No new acute fracture or dislocation is identified.', 'BONES', 'JOINTS', 2.32)
   ('Wrist', 'Carpal alignment is maintained.', 'BONES', 'JOINTS', 2.8)
   ('Brain', 'mild atrophy , mild left mastoiditis', 'SINUSES AND MASTOIDS', 'BRAIN', 1.29)
   ('Knee', 'No acute fracture or dislocation.', 'BONES', 'JOINTS', 2.32)
   ('Abdomen', 'Common bile duct is normal in caliber, measuring approximately 5 mm.', 'BILIARY TREE', 'SPLEEN', 2.1)
   ('Abdomen', 'Common hepatic duct and bilateral intrahepatic biliary radicles are no', 'BILIARY TREE', 'LIVER', 2.99)
   ('Abdomen', 'No intrahepatic biliary dilatation is noted.', 'BILIARY TREE', 'LIVER', 2.59)
   ('Thoracic spine', 'The spinal canal measures approximately 12 mm in AP diameter at this l', 'DISCS/DEGENERATIVE CHANGES', 'SPINAL CORD', 2.37)
   ('Unknown', 'Delayed right nephrogram.', 'KIDNEYS', 'BONES', 0.91)
   ('Unknown', 'No opacification of the right renal collecting system or right ureter ', 'URETERS AND URINARY BLADDER', 'KIDNEYS', 2.27)
   ('Unknown', 'Mild prostatomegaly.', 'REPRODUCTIVE', 'BONES', 1.41)
